[INFO] Scanning for projects...
[INFO] ------------------------------------------------------------------------
[INFO] Reactor Build Order:
[INFO] 
[INFO] Peregrine CMS Root                                                 [pom]
[INFO] Peregrine CMS - Platform Parent                                    [pom]
[INFO] Peregrine CMS - Platform - Commons Test                            [jar]
[INFO] Peregrine CMS - Platform - Commons                                 [jar]
[INFO] Peregrine CMS - Platform - Base Parent                             [pom]
[INFO] Peregrine CMS - Platform - Base - Core                          [bundle]
[INFO] Peregrine CMS - Admin Parent                                       [pom]
[INFO] Peregrine CMS - Admin - Core                                       [jar]
[INFO] 
[INFO] ----------------------< com.peregrine-cms:parent >----------------------
[INFO] Building Peregrine CMS Root 1.0-SNAPSHOT                           [1/8]
[INFO]   from pom.xml
[INFO] --------------------------------[ pom ]---------------------------------
[INFO] 
[INFO] --- clean:3.0.0:clean (default-clean) @ parent ---
[INFO] 
[INFO] --- enforcer:3.0.0-M3:enforce (enforce-maven) @ parent ---
[INFO] 
[INFO] --- directory:0.3.1:highest-basedir (directories) @ parent ---
[INFO] Highest basedir set to: C:\work\peregrine-up\peregrine-cms
[INFO] 
[INFO] --- frontend:1.15.1:install-node-and-npm (install node and npm) @ parent ---
[INFO] Node v20.20.2 is already installed.
[INFO] 
[INFO] --- install:2.5.2:install (default-install) @ parent ---
[INFO] Installing C:\work\peregrine-up\peregrine-cms\pom.xml to C:\Users\rr\.m2\repository\com\peregrine-cms\parent\1.0-SNAPSHOT\parent-1.0-SNAPSHOT.pom
[INFO] 
[INFO] -----------------< com.peregrine-cms:platform.parent >------------------
[INFO] Building Peregrine CMS - Platform Parent 1.0-SNAPSHOT              [2/8]
[INFO]   from platform\pom.xml
[INFO] --------------------------------[ pom ]---------------------------------
[INFO] 
[INFO] --- clean:3.0.0:clean (default-clean) @ platform.parent ---
[INFO] 
[INFO] --- enforcer:3.0.0-M3:enforce (enforce-maven) @ platform.parent ---
[INFO] 
[INFO] --- directory:0.3.1:highest-basedir (directories) @ platform.parent ---
[INFO] Highest basedir set to: C:\work\peregrine-up\peregrine-cms
[INFO] 
[INFO] --- frontend:1.15.1:install-node-and-npm (install node and npm) @ platform.parent ---
[INFO] Node v20.20.2 is already installed.
[INFO] 
[INFO] --- install:2.5.2:install (default-install) @ platform.parent ---
[INFO] Installing C:\work\peregrine-up\peregrine-cms\platform\pom.xml to C:\Users\rr\.m2\repository\com\peregrine-cms\platform.parent\1.0-SNAPSHOT\platform.parent-1.0-SNAPSHOT.pom
[INFO] 
[INFO] -------------------< com.peregrine-cms:commons-test >-------------------
[INFO] Building Peregrine CMS - Platform - Commons Test 1.0-SNAPSHOT      [3/8]
[INFO]   from platform\commons-test\pom.xml
[INFO] --------------------------------[ jar ]---------------------------------
[INFO] 
[INFO] --- clean:3.0.0:clean (default-clean) @ commons-test ---
[INFO] Deleting C:\work\peregrine-up\peregrine-cms\platform\commons-test\target
[INFO] 
[INFO] --- enforcer:3.0.0-M3:enforce (enforce-maven) @ commons-test ---
[INFO] 
[INFO] --- directory:0.3.1:highest-basedir (directories) @ commons-test ---
[INFO] Highest basedir set to: C:\work\peregrine-up\peregrine-cms
[INFO] 
[INFO] --- frontend:1.15.1:install-node-and-npm (install node and npm) @ commons-test ---
[INFO] Node v20.20.2 is already installed.
[INFO] 
[INFO] --- resources:3.2.0:resources (default-resources) @ commons-test ---
[INFO] Using 'UTF-8' encoding to copy filtered resources.
[INFO] Using 'UTF-8' encoding to copy filtered properties files.
[INFO] skip non existing resourceDirectory C:\work\peregrine-up\peregrine-cms\platform\commons-test\src\main\content\META-INF
[INFO] 
[INFO] --- compiler:3.8.1:compile (default-compile) @ commons-test ---
[INFO] Changes detected - recompiling the module!
[INFO] Compiling 2 source files to C:\work\peregrine-up\peregrine-cms\platform\commons-test\target\classes
[INFO] /C:/work/peregrine-up/peregrine-cms/platform/commons-test/src/main/java/com/peregrine/commons/test/AbstractTest.java: C:\work\peregrine-up\peregrine-cms\platform\commons-test\src\main\java\com\peregrine\commons\test\AbstractTest.java uses or overrides a deprecated API.
[INFO] /C:/work/peregrine-up/peregrine-cms/platform/commons-test/src/main/java/com/peregrine/commons/test/AbstractTest.java: Recompile with -Xlint:deprecation for details.
[INFO] 
[INFO] --- resources:3.2.0:testResources (default-testResources) @ commons-test ---
[INFO] Using 'UTF-8' encoding to copy filtered resources.
[INFO] Using 'UTF-8' encoding to copy filtered properties files.
[INFO] skip non existing resourceDirectory C:\work\peregrine-up\peregrine-cms\platform\commons-test\src\test\resources
[INFO] 
[INFO] --- compiler:3.8.1:testCompile (default-testCompile) @ commons-test ---
[INFO] No sources to compile
[INFO] 
[INFO] --- surefire:2.18.1:test (default-test) @ commons-test ---
[INFO] Tests are skipped.
[INFO] 
[INFO] --- jar:3.2.0:jar (default-jar) @ commons-test ---
[INFO] Building jar: C:\work\peregrine-up\peregrine-cms\platform\commons-test\target\commons-test-1.0-SNAPSHOT.jar
[INFO] 
[INFO] --- install:2.5.2:install (default-install) @ commons-test ---
[INFO] Installing C:\work\peregrine-up\peregrine-cms\platform\commons-test\target\commons-test-1.0-SNAPSHOT.jar to C:\Users\rr\.m2\repository\com\peregrine-cms\commons-test\1.0-SNAPSHOT\commons-test-1.0-SNAPSHOT.jar
[INFO] Installing C:\work\peregrine-up\peregrine-cms\platform\commons-test\pom.xml to C:\Users\rr\.m2\repository\com\peregrine-cms\commons-test\1.0-SNAPSHOT\commons-test-1.0-SNAPSHOT.pom
[INFO] 
[INFO] ---------------------< com.peregrine-cms:commons >----------------------
[INFO] Building Peregrine CMS - Platform - Commons 1.0-SNAPSHOT           [4/8]
[INFO]   from platform\commons\pom.xml
[INFO] --------------------------------[ jar ]---------------------------------
[INFO] 
[INFO] --- clean:3.0.0:clean (default-clean) @ commons ---
[INFO] Deleting C:\work\peregrine-up\peregrine-cms\platform\commons\target
[INFO] 
[INFO] --- enforcer:3.0.0-M3:enforce (enforce-maven) @ commons ---
[INFO] 
[INFO] --- directory:0.3.1:highest-basedir (directories) @ commons ---
[INFO] Highest basedir set to: C:\work\peregrine-up\peregrine-cms
[INFO] 
[INFO] --- frontend:1.15.1:install-node-and-npm (install node and npm) @ commons ---
[INFO] Node v20.20.2 is already installed.
[INFO] 
[INFO] --- resources:3.2.0:resources (default-resources) @ commons ---
[INFO] Using 'UTF-8' encoding to copy filtered resources.
[INFO] Using 'UTF-8' encoding to copy filtered properties files.
[INFO] skip non existing resourceDirectory C:\work\peregrine-up\peregrine-cms\platform\commons\src\main\content\META-INF
[INFO] 
[INFO] --- compiler:3.8.1:compile (default-compile) @ commons ---
[INFO] Changes detected - recompiling the module!
[INFO] Compiling 12 source files to C:\work\peregrine-up\peregrine-cms\platform\commons\target\classes
[INFO] /C:/work/peregrine-up/peregrine-cms/platform/commons/src/main/java/com/peregrine/commons/Strings.java: Some input files use or override a deprecated API.
[INFO] /C:/work/peregrine-up/peregrine-cms/platform/commons/src/main/java/com/peregrine/commons/Strings.java: Recompile with -Xlint:deprecation for details.
[INFO] 
[INFO] --- resources:3.2.0:testResources (default-testResources) @ commons ---
[INFO] Using 'UTF-8' encoding to copy filtered resources.
[INFO] Using 'UTF-8' encoding to copy filtered properties files.
[INFO] skip non existing resourceDirectory C:\work\peregrine-up\peregrine-cms\platform\commons\src\test\resources
[INFO] 
[INFO] --- compiler:3.8.1:testCompile (default-testCompile) @ commons ---
[INFO] Changes detected - recompiling the module!
[INFO] Compiling 23 source files to C:\work\peregrine-up\peregrine-cms\platform\commons\target\test-classes
[INFO] /C:/work/peregrine-up/peregrine-cms/platform/commons/src/test/java/com/peregrine/SlingServletTest.java: Some input files use or override a deprecated API.
[INFO] /C:/work/peregrine-up/peregrine-cms/platform/commons/src/test/java/com/peregrine/SlingServletTest.java: Recompile with -Xlint:deprecation for details.
[INFO] /C:/work/peregrine-up/peregrine-cms/platform/commons/src/test/java/com/peregrine/mock/ResourceMock.java: Some input files use unchecked or unsafe operations.
[INFO] /C:/work/peregrine-up/peregrine-cms/platform/commons/src/test/java/com/peregrine/mock/ResourceMock.java: Recompile with -Xlint:unchecked for details.
[INFO] 
[INFO] --- surefire:2.18.1:test (default-test) @ commons ---
[INFO] Tests are skipped.
[INFO] 
[INFO] --- jar:3.2.0:jar (default-jar) @ commons ---
[INFO] Building jar: C:\work\peregrine-up\peregrine-cms\platform\commons\target\commons-1.0-SNAPSHOT.jar
[INFO] 
[INFO] --- jar:3.2.0:test-jar (default) @ commons ---
[INFO] Building jar: C:\work\peregrine-up\peregrine-cms\platform\commons\target\commons-1.0-SNAPSHOT-tests.jar
[INFO] 
[INFO] --- install:2.5.2:install (default-install) @ commons ---
[INFO] Installing C:\work\peregrine-up\peregrine-cms\platform\commons\target\commons-1.0-SNAPSHOT.jar to C:\Users\rr\.m2\repository\com\peregrine-cms\commons\1.0-SNAPSHOT\commons-1.0-SNAPSHOT.jar
[INFO] Installing C:\work\peregrine-up\peregrine-cms\platform\commons\pom.xml to C:\Users\rr\.m2\repository\com\peregrine-cms\commons\1.0-SNAPSHOT\commons-1.0-SNAPSHOT.pom
[INFO] Installing C:\work\peregrine-up\peregrine-cms\platform\commons\target\commons-1.0-SNAPSHOT-tests.jar to C:\Users\rr\.m2\repository\com\peregrine-cms\commons\1.0-SNAPSHOT\commons-1.0-SNAPSHOT-tests.jar
[INFO] 
[INFO] -------------------< com.peregrine-cms:base.parent >--------------------
[INFO] Building Peregrine CMS - Platform - Base Parent 1.0-SNAPSHOT       [5/8]
[INFO]   from platform\base\pom.xml
[INFO] --------------------------------[ pom ]---------------------------------
[INFO] 
[INFO] --- clean:3.0.0:clean (default-clean) @ base.parent ---
[INFO] 
[INFO] --- enforcer:3.0.0-M3:enforce (enforce-maven) @ base.parent ---
[INFO] 
[INFO] --- directory:0.3.1:highest-basedir (directories) @ base.parent ---
[INFO] Highest basedir set to: C:\work\peregrine-up\peregrine-cms
[INFO] 
[INFO] --- frontend:1.15.1:install-node-and-npm (install node and npm) @ base.parent ---
[INFO] Node v20.20.2 is already installed.
[INFO] 
[INFO] --- install:2.5.2:install (default-install) @ base.parent ---
[INFO] Installing C:\work\peregrine-up\peregrine-cms\platform\base\pom.xml to C:\Users\rr\.m2\repository\com\peregrine-cms\base.parent\1.0-SNAPSHOT\base.parent-1.0-SNAPSHOT.pom
[INFO] 
[INFO] --------------------< com.peregrine-cms:base.core >---------------------
[INFO] Building Peregrine CMS - Platform - Base - Core 1.0-SNAPSHOT       [6/8]
[INFO]   from platform\base\core\pom.xml
[INFO] -------------------------------[ bundle ]-------------------------------
[INFO] 
[INFO] --- clean:3.0.0:clean (default-clean) @ base.core ---
[INFO] Deleting C:\work\peregrine-up\peregrine-cms\platform\base\core\target
[INFO] 
[INFO] --- enforcer:3.0.0-M3:enforce (enforce-maven) @ base.core ---
[INFO] 
[INFO] --- directory:0.3.1:highest-basedir (directories) @ base.core ---
[INFO] Highest basedir set to: C:\work\peregrine-up\peregrine-cms
[INFO] 
[INFO] --- frontend:1.15.1:install-node-and-npm (install node and npm) @ base.core ---
[INFO] Node v20.20.2 is already installed.
[INFO] 
[INFO] --- resources:3.2.0:resources (default-resources) @ base.core ---
[INFO] Using 'UTF-8' encoding to copy filtered resources.
[INFO] Using 'UTF-8' encoding to copy filtered properties files.
[INFO] Copying 25 resources
[INFO] 
[INFO] --- compiler:3.8.1:compile (default-compile) @ base.core ---
[INFO] Changes detected - recompiling the module!
[INFO] Compiling 152 source files to C:\work\peregrine-up\peregrine-cms\platform\base\core\target\classes
[INFO] /C:/work/peregrine-up/peregrine-cms/platform/base/core/src/main/java/com/peregrine/replication/impl/ReplicationsContainerWithDefaultImpl.java: Some input files use or override a deprecated API.
[INFO] /C:/work/peregrine-up/peregrine-cms/platform/base/core/src/main/java/com/peregrine/replication/impl/ReplicationsContainerWithDefaultImpl.java: Recompile with -Xlint:deprecation for details.
[INFO] /C:/work/peregrine-up/peregrine-cms/platform/base/core/src/main/java/com/peregrine/replication/DefaultReplicationMapperService.java: Some input files use unchecked or unsafe operations.
[INFO] /C:/work/peregrine-up/peregrine-cms/platform/base/core/src/main/java/com/peregrine/replication/DefaultReplicationMapperService.java: Recompile with -Xlint:unchecked for details.
[INFO] 
[INFO] --- resources:3.2.0:testResources (default-testResources) @ base.core ---
[INFO] Using 'UTF-8' encoding to copy filtered resources.
[INFO] Using 'UTF-8' encoding to copy filtered properties files.
[INFO] Copying 2 resources
[INFO] 
[INFO] --- compiler:3.8.1:testCompile (default-testCompile) @ base.core ---
[INFO] Changes detected - recompiling the module!
[INFO] Compiling 50 source files to C:\work\peregrine-up\peregrine-cms\platform\base\core\target\test-classes
[INFO] /C:/work/peregrine-up/peregrine-cms/platform/base/core/src/test/java/com/peregrine/sitemap/SiteMapExtractorBaseTest.java: C:\work\peregrine-up\peregrine-cms\platform\base\core\src\test\java\com\peregrine\sitemap\SiteMapExtractorBaseTest.java uses or overrides a deprecated API.
[INFO] /C:/work/peregrine-up/peregrine-cms/platform/base/core/src/test/java/com/peregrine/sitemap/SiteMapExtractorBaseTest.java: Recompile with -Xlint:deprecation for details.
[INFO] 
[INFO] --- surefire:2.18.1:test (default-test) @ base.core ---
[INFO] Tests are skipped.
[INFO] 
[INFO] --- bundle:5.1.9:bundle (default-bundle) @ base.core ---
[INFO] Building bundle: C:\work\peregrine-up\peregrine-cms\platform\base\core\target\base.core-1.0-SNAPSHOT.jar
[INFO] Writing manifest: C:\work\peregrine-up\peregrine-cms\platform\base\core\target\classes\META-INF\MANIFEST.MF
[INFO] 
[INFO] --- install:2.5.2:install (default-install) @ base.core ---
[INFO] Installing C:\work\peregrine-up\peregrine-cms\platform\base\core\target\base.core-1.0-SNAPSHOT.jar to C:\Users\rr\.m2\repository\com\peregrine-cms\base.core\1.0-SNAPSHOT\base.core-1.0-SNAPSHOT.jar
[INFO] Installing C:\work\peregrine-up\peregrine-cms\platform\base\core\pom.xml to C:\Users\rr\.m2\repository\com\peregrine-cms\base.core\1.0-SNAPSHOT\base.core-1.0-SNAPSHOT.pom
[INFO] 
[INFO] --- bundle:5.1.9:install (default-install) @ base.core ---
[INFO] Installing com/peregrine-cms/base.core/1.0-SNAPSHOT/base.core-1.0-SNAPSHOT.jar
[INFO] Writing OBR metadata
[INFO] 
[INFO] -------------------< com.peregrine-cms:admin.parent >-------------------
[INFO] Building Peregrine CMS - Admin Parent 1.0-SNAPSHOT                 [7/8]
[INFO]   from admin-base\pom.xml
[INFO] --------------------------------[ pom ]---------------------------------
[INFO] 
[INFO] --- clean:3.0.0:clean (default-clean) @ admin.parent ---
[INFO] 
[INFO] --- enforcer:3.0.0-M3:enforce (enforce-maven) @ admin.parent ---
[INFO] 
[INFO] --- directory:0.3.1:highest-basedir (directories) @ admin.parent ---
[INFO] Highest basedir set to: C:\work\peregrine-up\peregrine-cms
[INFO] 
[INFO] --- frontend:1.15.1:install-node-and-npm (install node and npm) @ admin.parent ---
[INFO] Node v20.20.2 is already installed.
[INFO] 
[INFO] --- install:2.5.2:install (default-install) @ admin.parent ---
[INFO] Installing C:\work\peregrine-up\peregrine-cms\admin-base\pom.xml to C:\Users\rr\.m2\repository\com\peregrine-cms\admin.parent\1.0-SNAPSHOT\admin.parent-1.0-SNAPSHOT.pom
[INFO] 
[INFO] --------------------< com.peregrine-cms:admin.core >--------------------
[INFO] Building Peregrine CMS - Admin - Core 1.0-SNAPSHOT                 [8/8]
[INFO]   from admin-base\core\pom.xml
[INFO] --------------------------------[ jar ]---------------------------------
[INFO] 
[INFO] --- clean:3.0.0:clean (default-clean) @ admin.core ---
[INFO] Deleting C:\work\peregrine-up\peregrine-cms\admin-base\core\target
[INFO] 
[INFO] --- enforcer:3.0.0-M3:enforce (enforce-maven) @ admin.core ---
[INFO] 
[INFO] --- directory:0.3.1:highest-basedir (directories) @ admin.core ---
[INFO] Highest basedir set to: C:\work\peregrine-up\peregrine-cms
[INFO] 
[INFO] --- frontend:1.15.1:install-node-and-npm (install node and npm) @ admin.core ---
[INFO] Node v20.20.2 is already installed.
[INFO] 
[INFO] --- resources:3.2.0:resources (default-resources) @ admin.core ---
[INFO] Using 'UTF-8' encoding to copy filtered resources.
[INFO] Using 'UTF-8' encoding to copy filtered properties files.
[INFO] skip non existing resourceDirectory C:\work\peregrine-up\peregrine-cms\admin-base\core\src\main\content\META-INF
[INFO] 
[INFO] --- compiler:3.8.1:compile (default-compile) @ admin.core ---
[INFO] Changes detected - recompiling the module!
[INFO] Compiling 76 source files to C:\work\peregrine-up\peregrine-cms\admin-base\core\target\classes
[INFO] /C:/work/peregrine-up/peregrine-cms/admin-base/core/src/main/java/com/peregrine/admin/servlets/RestrictedSearchServlet.java: Some input files use or override a deprecated API.
[INFO] /C:/work/peregrine-up/peregrine-cms/admin-base/core/src/main/java/com/peregrine/admin/servlets/RestrictedSearchServlet.java: Recompile with -Xlint:deprecation for details.
[INFO] /C:/work/peregrine-up/peregrine-cms/admin-base/core/src/main/java/com/peregrine/admin/resource/AdminResourceHandlerService.java: Some input files use unchecked or unsafe operations.
[INFO] /C:/work/peregrine-up/peregrine-cms/admin-base/core/src/main/java/com/peregrine/admin/resource/AdminResourceHandlerService.java: Recompile with -Xlint:unchecked for details.
[INFO] 
[INFO] --- bnd:6.4.0:bnd-process (jar) @ admin.core ---
[INFO] 
[INFO] --- resources:3.2.0:testResources (default-testResources) @ admin.core ---
[INFO] Using 'UTF-8' encoding to copy filtered resources.
[INFO] Using 'UTF-8' encoding to copy filtered properties files.
[INFO] Copying 2 resources
[INFO] 
[INFO] --- compiler:3.8.1:testCompile (default-testCompile) @ admin.core ---
[INFO] Changes detected - recompiling the module!
[INFO] Compiling 5 source files to C:\work\peregrine-up\peregrine-cms\admin-base\core\target\test-classes
[INFO] /C:/work/peregrine-up/peregrine-cms/admin-base/core/src/test/java/com/peregrine/admin/security/PackageValidatorServiceTest.java: C:\work\peregrine-up\peregrine-cms\admin-base\core\src\test\java\com\peregrine\admin\security\PackageValidatorServiceTest.java uses or overrides a deprecated API.
[INFO] /C:/work/peregrine-up/peregrine-cms/admin-base/core/src/test/java/com/peregrine/admin/security/PackageValidatorServiceTest.java: Recompile with -Xlint:deprecation for details.
[INFO] 
[INFO] --- surefire:2.18.1:test (default-test) @ admin.core ---
[INFO] Tests are skipped.
[INFO] 
[INFO] --- jar:3.2.0:jar (default-jar) @ admin.core ---
[INFO] Building jar: C:\work\peregrine-up\peregrine-cms\admin-base\core\target\admin.core-1.0-SNAPSHOT.jar
[INFO] 
[INFO] --- install:2.5.2:install (default-install) @ admin.core ---
[INFO] Installing C:\work\peregrine-up\peregrine-cms\admin-base\core\target\admin.core-1.0-SNAPSHOT.jar to C:\Users\rr\.m2\repository\com\peregrine-cms\admin.core\1.0-SNAPSHOT\admin.core-1.0-SNAPSHOT.jar
[INFO] Installing C:\work\peregrine-up\peregrine-cms\admin-base\core\pom.xml to C:\Users\rr\.m2\repository\com\peregrine-cms\admin.core\1.0-SNAPSHOT\admin.core-1.0-SNAPSHOT.pom
[INFO] ------------------------------------------------------------------------
[INFO] Reactor Summary for Peregrine CMS Root 1.0-SNAPSHOT:
[INFO] 
[INFO] Peregrine CMS Root ................................. SUCCESS [  0.376 s]
[INFO] Peregrine CMS - Platform Parent .................... SUCCESS [  0.046 s]
[INFO] Peregrine CMS - Platform - Commons Test ............ SUCCESS [  0.803 s]
[INFO] Peregrine CMS - Platform - Commons ................. SUCCESS [  2.724 s]
[INFO] Peregrine CMS - Platform - Base Parent ............. SUCCESS [  0.060 s]
[INFO] Peregrine CMS - Platform - Base - Core ............. SUCCESS [  5.872 s]
[INFO] Peregrine CMS - Admin Parent ....................... SUCCESS [  0.083 s]
[INFO] Peregrine CMS - Admin - Core ....................... SUCCESS [  4.284 s]
[INFO] ------------------------------------------------------------------------
[INFO] BUILD SUCCESS
[INFO] ------------------------------------------------------------------------
[INFO] Total time:  16.384 s
[INFO] Finished at: 2026-08-12T23:55:56+02:00
[INFO] ------------------------------------------------------------------------
